C51 COMPILER V9.54   MAIN                                                                  01/12/2026 17:49:50 PAGE 1   


C51 COMPILER V9.54, COMPILATION OF MODULE MAIN
OBJECT MODULE PLACED IN .\Objects\main.obj
COMPILER INVOKED BY: F:\keil\C51\BIN\C51.EXE main.c OPTIMIZE(8,SPEED) BROWSE DEBUG OBJECTEXTEND PRINT(.\Listings\main.ls
                    -t) TABS(2) OBJECT(.\Objects\main.obj)

line level    source

   1          #include <REGX52.H>
   2          #include "delay.h"
   3          #include "LCD1602.h"
   4          #include "MatrixKey.h"
   5          
   6          unsigned char KeyNum;
   7          
   8          void main()
   9          {
  10   1        LCD_Init();
  11   1        LCD_ShowString(1,1,"MatrixKey");
  12   1        while(1)
  13   1        {
  14   2            KeyNum = MatrixKey();//按键按下后，对KeyNum赋值对应键码；不按下时，一直为0
  15   2            if(KeyNum !=0)//按键按下后，KeyNum被赋值不为0，进入if内的显示任务；
  16   2                          //若未按下按键，KeyNum则未被赋值，KeyNum=0,无法进入if显示任务
  17   2            {
  18   3              LCD_ShowNum(2,1,KeyNum,2);//执行显示任务
  19   3            }
  20   2        }
  21   1      }


MODULE INFORMATION:   STATIC OVERLAYABLE
   CODE SIZE        =     40    ----
   CONSTANT SIZE    =     10    ----
   XDATA SIZE       =   ----    ----
   PDATA SIZE       =   ----    ----
   DATA SIZE        =      1    ----
   IDATA SIZE       =   ----    ----
   BIT SIZE         =   ----    ----
END OF MODULE INFORMATION.


C51 COMPILATION COMPLETE.  0 WARNING(S),  0 ERROR(S)
