C51 COMPILER V9.54   MAIN                                                                  12/07/2025 17:42:06 PAGE 1   


C51 COMPILER V9.54, COMPILATION OF MODULE MAIN
OBJECT MODULE PLACED IN .\Objects\main.obj
COMPILER INVOKED BY: F:\keil\C51\BIN\C51.EXE main.c OPTIMIZE(8,SPEED) BROWSE DEBUG OBJECTEXTEND PRINT(.\Listings\main.ls
                    -t) TABS(2) OBJECT(.\Objects\main.obj)

line level    source

   1          #include <REGX52.H>
   2          #include <INTRINS.H>
   3          
   4          void Delay(unsigned int xms)
   5          {
   6   1        unsigned char i, j;
   7   1        while(xms)
   8   1        {
   9   2        
  10   2          _nop_();
  11   2          i = 2;
  12   2          j = 199;
  13   2          do
  14   2          {
  15   3            while (--j);
  16   3          } 
  17   2          while (--i);
  18   2          xms--;
  19   2        }
  20   1        
  21   1      }
  22          
  23          void mian()
  24          {
  25   1        unsigned char LEDnum = 0;
  26   1        P2=~0x01;
  27   1        while(1)
  28   1        {
  29   2          if(P3_1 == 0)
  30   2          {
  31   3            Delay(20);
  32   3            while(P3_1 == 0);
  33   3            Delay(20);
  34   3            
  35   3            LEDnum++;
  36   3            if(LEDnum>=8)
  37   3            {
  38   4              LEDnum = 0;
  39   4            }
  40   3            P2 =~(0x01<<LEDnum);
  41   3            
  42   3          }
  43   2          if(P3_0 == 0)
  44   2            {
  45   3              Delay(20);
  46   3              while(P3_0 == 0);
  47   3              Delay(20);
  48   3      
  49   3              if(LEDnum==0)
  50   3              {
  51   4                LEDnum = 7;
  52   4              }
  53   3              else
  54   3              {
C51 COMPILER V9.54   MAIN                                                                  12/07/2025 17:42:06 PAGE 2   

  55   4                LEDnum--;
  56   4              }
  57   3              
  58   3              P2 =~(0x01<<LEDnum);
  59   3              
  60   3            }
  61   2        }
  62   1        //0000 0001   <<0
  63   1        //0000 0010   <<1
  64   1        //0000 0100   <<2
  65   1        //0000 1000   <<3
  66   1        //0001 0000   <<4
  67   1        
  68   1        //0000 1000   <<3
  69   1        //0000 0100   <<2
  70   1      }


MODULE INFORMATION:   STATIC OVERLAYABLE
   CODE SIZE        =    101    ----
   CONSTANT SIZE    =   ----    ----
   XDATA SIZE       =   ----    ----
   PDATA SIZE       =   ----    ----
   DATA SIZE        =   ----    ----
   IDATA SIZE       =   ----    ----
   BIT SIZE         =   ----    ----
END OF MODULE INFORMATION.


C51 COMPILATION COMPLETE.  0 WARNING(S),  0 ERROR(S)
